Logging model files to ./chkp/12-31-2022_14:45:17
TRAINING MODEL: regressor
Training on CPU
************* EPOCH: 1 *************
Pointnet.py
torch.Size([1, 3, 262])
> /Users/stephennelson/Projects/Learning-Frustum-Proposals/models/pointnet.py(163)forward()
-> x = self.conv_layers[0](x)
(Pdb)
(Pdb) x.shape
torch.Size([1, 3, 262])
(Pdb) x.shape
torch.Size([1, 3, 262])
(Pdb) x.shape
torch.Size([1, 3, 262])
(Pdb) self.conv_layers[0](x)
*** RuntimeError: Given groups=1, weight of size [64, 8, 1], expected input[1, 3, 262] to have 8 channels, but got 3 channels instead
(Pdb) self.conv_layers[0]
Conv1d(8, 64, kernel_size=(1,), stride=(1,))
