
  0%|                                                                                                                               | 0/1 [00:00<?, ?it/s]
Logging model files to ./chkp/12-31-2022_14:23:39
TRAINING MODEL: regressor
Training on CPU
************* EPOCH: 1 *************
> /Users/stephennelson/Projects/Learning-Frustum-Proposals/models/pointnet.py(163)forward()
-> x = self.conv_layers[0](x)
(Pdb) x.shape
torch.Size([1, 3, 262])


(Pdb) x = self.conv_layers[0](x)

(Pdb) s.shape
--Call--
> /opt/anaconda3/envs/thesis/lib/python3.8/site-packages/torch/nn/modules/module.py(1117)__getattr__()
-> def __getattr__(self, name: str) -> Union[Tensor, 'Module']:
(Pdb) x.shape
*** NameError: name 'x' is not defined
(Pdb) x = self.conv_layers[0](x)
*** NameError: name 'x' is not defined
(Pdb) x.shape
*** NameError: name 'x' is not defined
(Pdb) x
*** NameError: name 'x' is not defined
