> /Users/stephennelson/Projects/Learning-Frustum-Proposals/wandb_utils/wandb.py(253)get_bb_dict()
-> bb = ThreeDimBoundBox(
(Pdb) centroids
[tensor([4.6900, 1.2200, 5.1200]), tensor([-3.4900,  1.7700,  5.5000]), tensor([2.8600, 1.5600, 5.1200]), tensor([ 2.7000,  1.5600, 10.2400]), tensor([ 2.7400,  1.5000, 15.5800]), tensor([ 2.9000,  1.5700, 21.1700]), tensor([ 2.5400,  1.3300, 35.5400]), tensor([ 2.9900,  1.3900, 36.2200]), tensor([-4.2200,  1.5600, 47.5100]), tensor([ 0.0600,  1.3700, 52.3100]), tensor([-5.0500,  1.6900, 24.8400]), tensor([-5.0700,  1.8400,  7.1300]), tensor([-5.0800,  1.8200, 12.3000]), tensor([-5.1700,  1.7500, 17.7100])]
(Pdb) dims
[tensor([1.6700, 0.7000, 0.4400]), tensor([1.8100, 0.5100, 1.7100]), tensor([1.5700, 1.5400, 3.2200]), tensor([1.7400, 1.6000, 3.8600]), tensor([1.8300, 1.6900, 4.4400]), tensor([1.6100, 1.6200, 3.7800]), tensor([1.9000, 0.4200, 1.0400]), tensor([1.8700, 0.5000, 0.9000]), tensor([1.8600, 1.5700, 3.8300]), tensor([1.7800, 0.5300, 0.9500]), tensor([1.5000, 1.4600, 3.7000]), tensor([1.5400, 1.5400, 3.7200]), tensor([1.5700, 1.6000, 4.2400]), tensor([1.6500, 1.6100, 3.7300])]

(Pdb) for i, c in enumerate(centroids): i
0
1
2
3
4
5
6
7
8
9
10
11
12
13
(Pdb) dims
[tensor([1.6700, 0.7000, 0.4400]), tensor([1.8100, 0.5100, 1.7100]), tensor([1.5700, 1.5400, 3.2200]), tensor([1.7400, 1.6000, 3.8600]), tensor([1.8300, 1.6900, 4.4400]), tensor([1.6100, 1.6200, 3.7800]), tensor([1.9000, 0.4200, 1.0400]), tensor([1.8700, 0.5000, 0.9000]), tensor([1.8600, 1.5700, 3.8300]), tensor([1.7800, 0.5300, 0.9500]), tensor([1.5000, 1.4600, 3.7000]), tensor([1.5400, 1.5400, 3.7200]), tensor([1.5700, 1.6000, 4.2400]), tensor([1.6500, 1.6100, 3.7300])]
(Pdb) len(dims
*** SyntaxError: unexpected EOF while parsing
(Pdb) len(dims)
14



(Pdb) for i, c in enumerate(centroids): print(dims[i,:])
*** TypeError: list indices must be integers or slices, not tuple
